// Jest Snapshot v1, https://goo.gl/fbAQLP

exports[`union should work with multiple members 1`] = `
[
  {
    "code": "invalid_union",
    "issues": [
      {
        "code": "invalid_type",
        "message": "Expected value to be a string",
        "path": "",
        "value": {},
      },
      {
        "code": "invalid_type",
        "message": "Expected value to be a number",
        "path": "",
        "value": {},
      },
    ],
    "message": "Invalid union",
    "path": "",
    "value": {},
  },
]
`;
